2025-04-28 22:11:19,648 INFO o.h.v.i.u.Version {<clinit>} [background-preinit] HV000001: Hibernate Validator 6.2.5.Final
2025-04-28 22:11:19,709 INFO o.s.b.StartupInfoLogger {logStarting} [main] Starting BikeControllerTests using Java 21 on DESKTOP-A2Q7539 with PID 1296 (started by 34618 in C:\Users\34618\Documents\2DAM Gdo. Superior\Acceso a datos 2DAM\hellospring)
2025-04-28 22:11:19,713 INFO o.s.b.SpringApplication {logStartupProfileInfo} [main] The following 1 profile is active: "test"
2025-04-28 22:11:25,258 INFO o.s.s.w.DefaultSecurityFilterChain {<init>} [main] Will secure any request with [org.springframework.security.web.session.DisableEncodeUrlFilter@251d7fdd, org.springframework.security.web.context.request.async.WebAsyncManagerIntegrationFilter@78e68401, org.springframework.security.web.context.SecurityContextPersistenceFilter@7e52a26b, org.springframework.security.web.header.HeaderWriterFilter@559af296, org.springframework.security.web.authentication.logout.LogoutFilter@2f9b21d6, org.springframework.security.web.savedrequest.RequestCacheAwareFilter@6070775e, org.springframework.security.web.servletapi.SecurityContextHolderAwareRequestFilter@b5ac0c1, org.springframework.security.web.authentication.AnonymousAuthenticationFilter@391515c7, org.springframework.security.web.session.SessionManagementFilter@2df65a56, org.springframework.security.web.access.ExceptionTranslationFilter@2d28fb02, org.springframework.security.web.access.intercept.FilterSecurityInterceptor@5b1e88f]
2025-04-28 22:11:27,880 INFO o.s.m.w.MockServletContext {log} [main] Initializing Spring TestDispatcherServlet ''
2025-04-28 22:11:27,880 INFO o.s.w.s.FrameworkServlet {initServletBean} [main] Initializing Servlet ''
2025-04-28 22:11:27,887 INFO o.s.w.s.FrameworkServlet {initServletBean} [main] Completed initialization in 7 ms
2025-04-28 22:11:28,032 INFO o.s.b.StartupInfoLogger {logStarted} [main] Started BikeControllerTests in 10.318 seconds (JVM running for 13.868)
2025-04-28 22:11:29,042 INFO c.s.a.c.BikeController {addBike} [main] BEGIN addBike
2025-04-28 22:11:29,273 INFO c.s.a.c.BikeController {filterBikes} [main] Filtrando bicicletas con parámetros: brand=Orbea, model=, color=
2025-04-28 22:11:29,287 INFO c.s.a.c.BikeController {filterBikes} [main] Operación completada: Se obtuvieron 2 bicicletas filtradas
2025-04-28 22:11:29,345 INFO c.s.a.c.BikeController {addBike} [main] BEGIN addBike
2025-04-28 22:11:29,345 INFO c.s.a.c.BikeController {addBike} [main] END addBike
2025-04-28 22:11:29,537 INFO c.s.a.c.BikeController {filterBikes} [main] Filtrando bicicletas con parámetros: brand=, model=, color=
2025-04-28 22:11:29,537 INFO c.s.a.c.BikeController {filterBikes} [main] Operación completada: Se obtuvieron 3 bicicletas filtradas
2025-04-28 22:11:29,573 INFO c.s.a.c.BikeController {getBike} [main] BEGIN getBike
2025-04-28 22:11:29,573 INFO c.s.a.c.BikeController {getBike} [main] END getBike
2025-04-28 22:11:29,678 INFO c.s.a.c.BikeController {removeBike} [main] BEGIN removeBike
2025-04-28 22:11:29,680 INFO c.s.a.c.BikeController {removeBike} [main] END removeBike
2025-04-28 22:11:29,721 INFO c.s.a.c.BikeController {modifyBike} [main] BEGIN modifyBike
2025-04-28 22:11:29,788 INFO c.s.a.c.BikeController {modifyBike} [main] BEGIN modifyBike
2025-04-28 22:11:29,788 INFO c.s.a.c.BikeController {modifyBike} [main] END modifyBike
2025-04-28 22:11:29,814 INFO c.s.a.c.BikeController {removeBike} [main] BEGIN removeBike
2025-04-28 22:11:29,836 INFO c.s.a.c.BikeController {getBike} [main] BEGIN getBike
2025-04-28 22:11:30,678 INFO o.s.t.c.s.AbstractTestContextBootstrapper {buildDefaultMergedContextConfiguration} [main] Neither @ContextConfiguration nor @ContextHierarchy found for test class [com.svalero.apibikes.MechanicControllerTests], using SpringBootContextLoader
2025-04-28 22:11:30,683 INFO o.s.t.c.s.AbstractContextLoader {generateDefaultLocations} [main] Could not detect default resource locations for test class [com.svalero.apibikes.MechanicControllerTests]: no resource found for suffixes {-context.xml, Context.groovy}.
2025-04-28 22:11:30,683 INFO o.s.t.c.s.AnnotationConfigContextLoaderUtils {detectDefaultConfigurationClasses} [main] Could not detect default configuration classes for test class [com.svalero.apibikes.MechanicControllerTests]: MechanicControllerTests does not declare any static, non-private, non-final, nested classes annotated with @Configuration.
2025-04-28 22:11:30,703 INFO o.s.b.t.c.SpringBootTestContextBootstrapper {getOrFindConfigurationClasses} [main] Found @SpringBootConfiguration com.svalero.apibikes.HellospringApplication for test class com.svalero.apibikes.MechanicControllerTests
2025-04-28 22:11:30,709 INFO o.s.t.c.s.AbstractTestContextBootstrapper {getDefaultTestExecutionListenerClassNames} [main] Loaded default TestExecutionListener class names from location [META-INF/spring.factories]: [org.springframework.boot.test.mock.mockito.MockitoTestExecutionListener, org.springframework.boot.test.mock.mockito.ResetMocksTestExecutionListener, org.springframework.boot.test.autoconfigure.restdocs.RestDocsTestExecutionListener, org.springframework.boot.test.autoconfigure.web.client.MockRestServiceServerResetTestExecutionListener, org.springframework.boot.test.autoconfigure.web.servlet.MockMvcPrintOnlyOnFailureTestExecutionListener, org.springframework.boot.test.autoconfigure.web.servlet.WebDriverTestExecutionListener, org.springframework.boot.test.autoconfigure.webservices.client.MockWebServiceServerTestExecutionListener, org.springframework.test.context.web.ServletTestExecutionListener, org.springframework.test.context.support.DirtiesContextBeforeModesTestExecutionListener, org.springframework.test.context.event.ApplicationEventsTestExecutionListener, org.springframework.test.context.support.DependencyInjectionTestExecutionListener, org.springframework.test.context.support.DirtiesContextTestExecutionListener, org.springframework.test.context.transaction.TransactionalTestExecutionListener, org.springframework.test.context.jdbc.SqlScriptsTestExecutionListener, org.springframework.test.context.event.EventPublishingTestExecutionListener]
2025-04-28 22:11:30,711 INFO o.s.t.c.s.AbstractTestContextBootstrapper {getTestExecutionListeners} [main] Using TestExecutionListeners: [org.springframework.test.context.web.ServletTestExecutionListener@2a984952, org.springframework.test.context.support.DirtiesContextBeforeModesTestExecutionListener@16944b58, org.springframework.test.context.event.ApplicationEventsTestExecutionListener@1dbc607d, org.springframework.boot.test.mock.mockito.MockitoTestExecutionListener@62b42406, org.springframework.boot.test.autoconfigure.SpringBootDependencyInjectionTestExecutionListener@a0e33db, org.springframework.test.context.support.DirtiesContextTestExecutionListener@3ef46749, org.springframework.test.context.transaction.TransactionalTestExecutionListener@40b54762, org.springframework.test.context.jdbc.SqlScriptsTestExecutionListener@362cf66, org.springframework.test.context.event.EventPublishingTestExecutionListener@7809b43a, org.springframework.boot.test.mock.mockito.ResetMocksTestExecutionListener@65da4a5d, org.springframework.boot.test.autoconfigure.restdocs.RestDocsTestExecutionListener@fbe8fd3, org.springframework.boot.test.autoconfigure.web.client.MockRestServiceServerResetTestExecutionListener@1ab268bd, org.springframework.boot.test.autoconfigure.web.servlet.MockMvcPrintOnlyOnFailureTestExecutionListener@2fafa7b5, org.springframework.boot.test.autoconfigure.web.servlet.WebDriverTestExecutionListener@181098bf, org.springframework.boot.test.autoconfigure.webservices.client.MockWebServiceServerTestExecutionListener@632b5c79]
2025-04-28 22:11:30,856 INFO o.s.b.StartupInfoLogger {logStarting} [main] Starting MechanicControllerTests using Java 21 on DESKTOP-A2Q7539 with PID 1296 (started by 34618 in C:\Users\34618\Documents\2DAM Gdo. Superior\Acceso a datos 2DAM\hellospring)
2025-04-28 22:11:30,858 INFO o.s.b.SpringApplication {logStartupProfileInfo} [main] The following 1 profile is active: "test"
2025-04-28 22:11:31,758 INFO o.s.s.w.DefaultSecurityFilterChain {<init>} [main] Will secure any request with [org.springframework.security.web.session.DisableEncodeUrlFilter@4c4215d7, org.springframework.security.web.context.request.async.WebAsyncManagerIntegrationFilter@b56d8a7, org.springframework.security.web.context.SecurityContextPersistenceFilter@5d93ff21, org.springframework.security.web.header.HeaderWriterFilter@5c2a3f0c, org.springframework.security.web.authentication.logout.LogoutFilter@55397d15, org.springframework.security.web.savedrequest.RequestCacheAwareFilter@51fb5fe6, org.springframework.security.web.servletapi.SecurityContextHolderAwareRequestFilter@5ca4c88a, org.springframework.security.web.authentication.AnonymousAuthenticationFilter@13f36d75, org.springframework.security.web.session.SessionManagementFilter@6585df70, org.springframework.security.web.access.ExceptionTranslationFilter@601d9f3a, org.springframework.security.web.access.intercept.FilterSecurityInterceptor@227b9277]
2025-04-28 22:11:32,721 INFO o.s.m.w.MockServletContext {log} [main] Initializing Spring TestDispatcherServlet ''
2025-04-28 22:11:32,737 INFO o.s.w.s.FrameworkServlet {initServletBean} [main] Initializing Servlet ''
2025-04-28 22:11:32,737 INFO o.s.w.s.FrameworkServlet {initServletBean} [main] Completed initialization in 0 ms
2025-04-28 22:11:32,769 INFO o.s.b.StartupInfoLogger {logStarted} [main] Started MechanicControllerTests in 2.061 seconds (JVM running for 18.614)
2025-04-28 22:11:32,800 INFO c.s.a.c.MechanicController {filtermechanics} [main] BEGIN getAll
2025-04-28 22:11:32,816 INFO c.s.a.c.MechanicController {filtermechanics} [main] END getAll
2025-04-28 22:11:32,885 INFO c.s.a.c.MechanicController {modifyMechanic} [main] BEGIN modifyMechanic
2025-04-28 22:11:32,885 INFO c.s.a.c.MechanicController {modifyMechanic} [main] END modifyMechanic
2025-04-28 22:11:32,910 INFO c.s.a.c.MechanicController {filtermechanics} [main] BEGIN getAll
2025-04-28 22:11:32,911 INFO c.s.a.c.MechanicController {filtermechanics} [main] END getAll
2025-04-28 22:11:32,933 INFO c.s.a.c.MechanicController {getMechanic} [main] BEGIN getMechanic
2025-04-28 22:11:32,959 INFO c.s.a.c.MechanicController {filtermechanics} [main] BEGIN getAll
2025-04-28 22:11:32,959 INFO c.s.a.c.MechanicController {filtermechanics} [main] END getAll
2025-04-28 22:11:32,981 INFO c.s.a.c.MechanicController {removeMechanic} [main] BEGIN removeMechanic
2025-04-28 22:11:32,981 INFO c.s.a.c.MechanicController {removeMechanic} [main] END removeMechanic
2025-04-28 22:11:33,034 INFO c.s.a.c.MechanicController {addMechanic} [main] BEGIN addMechanic
2025-04-28 22:11:33,036 INFO c.s.a.c.MechanicController {addMechanic} [main] END addMechanic
2025-04-28 22:11:33,059 INFO c.s.a.c.MechanicController {getMechanic} [main] BEGIN getMechanic
2025-04-28 22:11:33,065 INFO c.s.a.c.MechanicController {getMechanic} [main] END getMechanic
2025-04-28 22:11:33,103 INFO c.s.a.c.MechanicController {modifyMechanic} [main] BEGIN modifyMechanic
2025-04-28 22:11:33,128 INFO c.s.a.c.MechanicController {removeMechanic} [main] BEGIN removeMechanic
2025-04-28 22:11:33,148 INFO c.s.a.c.MechanicController {filtermechanics} [main] BEGIN getAll
2025-04-28 22:11:33,153 INFO c.s.a.c.MechanicController {filtermechanics} [main] END getAll
2025-04-28 22:40:30,692 INFO o.h.v.i.u.Version {<clinit>} [background-preinit] HV000001: Hibernate Validator 6.2.5.Final
2025-04-28 22:40:30,707 INFO o.s.b.StartupInfoLogger {logStarting} [main] Starting BikeControllerTests using Java 21 on DESKTOP-A2Q7539 with PID 8 (started by 34618 in C:\Users\34618\Documents\2DAM Gdo. Superior\Acceso a datos 2DAM\hellospring)
2025-04-28 22:40:30,723 INFO o.s.b.SpringApplication {logStartupProfileInfo} [main] The following 1 profile is active: "test"
2025-04-28 22:40:32,947 INFO o.s.s.w.DefaultSecurityFilterChain {<init>} [main] Will secure any request with [org.springframework.security.web.session.DisableEncodeUrlFilter@78e68401, org.springframework.security.web.context.request.async.WebAsyncManagerIntegrationFilter@391515c7, org.springframework.security.web.context.SecurityContextPersistenceFilter@2e56b4d, org.springframework.security.web.header.HeaderWriterFilter@5edc3e29, org.springframework.security.web.authentication.logout.LogoutFilter@2e0fdbe9, org.springframework.security.web.savedrequest.RequestCacheAwareFilter@b5ac0c1, org.springframework.security.web.servletapi.SecurityContextHolderAwareRequestFilter@224c7de4, org.springframework.security.web.authentication.AnonymousAuthenticationFilter@5b0dbfb, org.springframework.security.web.session.SessionManagementFilter@113f9078, org.springframework.security.web.access.ExceptionTranslationFilter@6db328f8, org.springframework.security.web.access.intercept.FilterSecurityInterceptor@340cb97f]
2025-04-28 22:40:34,872 INFO o.s.m.w.MockServletContext {log} [main] Initializing Spring TestDispatcherServlet ''
2025-04-28 22:40:34,888 INFO o.s.w.s.FrameworkServlet {initServletBean} [main] Initializing Servlet ''
2025-04-28 22:40:34,895 INFO o.s.w.s.FrameworkServlet {initServletBean} [main] Completed initialization in 7 ms
2025-04-28 22:40:34,999 INFO o.s.b.StartupInfoLogger {logStarted} [main] Started BikeControllerTests in 4.971 seconds (JVM running for 7.642)
2025-04-28 22:40:35,618 INFO c.s.a.c.BikeController {addBike} [main] BEGIN addBike
2025-04-28 22:40:35,729 INFO c.s.a.c.BikeController {filterBikes} [main] Filtrando bicicletas con parámetros: brand=Orbea, model=, color=
2025-04-28 22:40:35,729 INFO c.s.a.c.BikeController {filterBikes} [main] Operación completada: Se obtuvieron 2 bicicletas filtradas
2025-04-28 22:40:35,763 INFO c.s.a.c.BikeController {addBike} [main] BEGIN addBike
2025-04-28 22:40:35,763 INFO c.s.a.c.BikeController {addBike} [main] END addBike
2025-04-28 22:40:35,825 INFO c.s.a.c.BikeController {filterBikes} [main] Filtrando bicicletas con parámetros: brand=, model=, color=
2025-04-28 22:40:35,825 INFO c.s.a.c.BikeController {filterBikes} [main] Operación completada: Se obtuvieron 3 bicicletas filtradas
2025-04-28 22:40:35,840 INFO c.s.a.c.BikeController {getBike} [main] BEGIN getBike
2025-04-28 22:40:35,840 INFO c.s.a.c.BikeController {getBike} [main] END getBike
2025-04-28 22:40:35,891 INFO c.s.a.c.BikeController {removeBike} [main] BEGIN removeBike
2025-04-28 22:40:35,891 INFO c.s.a.c.BikeController {removeBike} [main] END removeBike
2025-04-28 22:40:35,904 INFO c.s.a.c.BikeController {modifyBike} [main] BEGIN modifyBike
2025-04-28 22:40:35,951 INFO c.s.a.c.BikeController {modifyBike} [main] BEGIN modifyBike
2025-04-28 22:40:35,951 INFO c.s.a.c.BikeController {modifyBike} [main] END modifyBike
2025-04-28 22:40:35,970 INFO c.s.a.c.BikeController {removeBike} [main] BEGIN removeBike
2025-04-28 22:40:35,990 INFO c.s.a.c.BikeController {getBike} [main] BEGIN getBike
2025-04-28 22:40:36,311 INFO o.s.t.c.s.AbstractTestContextBootstrapper {buildDefaultMergedContextConfiguration} [main] Neither @ContextConfiguration nor @ContextHierarchy found for test class [com.svalero.apibikes.MechanicControllerTests], using SpringBootContextLoader
2025-04-28 22:40:36,315 INFO o.s.t.c.s.AbstractContextLoader {generateDefaultLocations} [main] Could not detect default resource locations for test class [com.svalero.apibikes.MechanicControllerTests]: no resource found for suffixes {-context.xml, Context.groovy}.
2025-04-28 22:40:36,315 INFO o.s.t.c.s.AnnotationConfigContextLoaderUtils {detectDefaultConfigurationClasses} [main] Could not detect default configuration classes for test class [com.svalero.apibikes.MechanicControllerTests]: MechanicControllerTests does not declare any static, non-private, non-final, nested classes annotated with @Configuration.
2025-04-28 22:40:36,324 INFO o.s.b.t.c.SpringBootTestContextBootstrapper {getOrFindConfigurationClasses} [main] Found @SpringBootConfiguration com.svalero.apibikes.HellospringApplication for test class com.svalero.apibikes.MechanicControllerTests
2025-04-28 22:40:36,327 INFO o.s.t.c.s.AbstractTestContextBootstrapper {getDefaultTestExecutionListenerClassNames} [main] Loaded default TestExecutionListener class names from location [META-INF/spring.factories]: [org.springframework.boot.test.mock.mockito.MockitoTestExecutionListener, org.springframework.boot.test.mock.mockito.ResetMocksTestExecutionListener, org.springframework.boot.test.autoconfigure.restdocs.RestDocsTestExecutionListener, org.springframework.boot.test.autoconfigure.web.client.MockRestServiceServerResetTestExecutionListener, org.springframework.boot.test.autoconfigure.web.servlet.MockMvcPrintOnlyOnFailureTestExecutionListener, org.springframework.boot.test.autoconfigure.web.servlet.WebDriverTestExecutionListener, org.springframework.boot.test.autoconfigure.webservices.client.MockWebServiceServerTestExecutionListener, org.springframework.test.context.web.ServletTestExecutionListener, org.springframework.test.context.support.DirtiesContextBeforeModesTestExecutionListener, org.springframework.test.context.event.ApplicationEventsTestExecutionListener, org.springframework.test.context.support.DependencyInjectionTestExecutionListener, org.springframework.test.context.support.DirtiesContextTestExecutionListener, org.springframework.test.context.transaction.TransactionalTestExecutionListener, org.springframework.test.context.jdbc.SqlScriptsTestExecutionListener, org.springframework.test.context.event.EventPublishingTestExecutionListener]
2025-04-28 22:40:36,327 INFO o.s.t.c.s.AbstractTestContextBootstrapper {getTestExecutionListeners} [main] Using TestExecutionListeners: [org.springframework.test.context.web.ServletTestExecutionListener@4d174189, org.springframework.test.context.support.DirtiesContextBeforeModesTestExecutionListener@628bd77e, org.springframework.test.context.event.ApplicationEventsTestExecutionListener@c30f26d, org.springframework.boot.test.mock.mockito.MockitoTestExecutionListener@5d74507c, org.springframework.boot.test.autoconfigure.SpringBootDependencyInjectionTestExecutionListener@2a984952, org.springframework.test.context.support.DirtiesContextTestExecutionListener@16944b58, org.springframework.test.context.transaction.TransactionalTestExecutionListener@1dbc607d, org.springframework.test.context.jdbc.SqlScriptsTestExecutionListener@62b42406, org.springframework.test.context.event.EventPublishingTestExecutionListener@a0e33db, org.springframework.boot.test.mock.mockito.ResetMocksTestExecutionListener@3ef46749, org.springframework.boot.test.autoconfigure.restdocs.RestDocsTestExecutionListener@40b54762, org.springframework.boot.test.autoconfigure.web.client.MockRestServiceServerResetTestExecutionListener@362cf66, org.springframework.boot.test.autoconfigure.web.servlet.MockMvcPrintOnlyOnFailureTestExecutionListener@7809b43a, org.springframework.boot.test.autoconfigure.web.servlet.WebDriverTestExecutionListener@65da4a5d, org.springframework.boot.test.autoconfigure.webservices.client.MockWebServiceServerTestExecutionListener@fbe8fd3]
2025-04-28 22:40:36,393 INFO o.s.b.StartupInfoLogger {logStarting} [main] Starting MechanicControllerTests using Java 21 on DESKTOP-A2Q7539 with PID 8 (started by 34618 in C:\Users\34618\Documents\2DAM Gdo. Superior\Acceso a datos 2DAM\hellospring)
2025-04-28 22:40:36,393 INFO o.s.b.SpringApplication {logStartupProfileInfo} [main] The following 1 profile is active: "test"
2025-04-28 22:40:36,851 INFO o.s.s.w.DefaultSecurityFilterChain {<init>} [main] Will secure any request with [org.springframework.security.web.session.DisableEncodeUrlFilter@5e360c3b, org.springframework.security.web.context.request.async.WebAsyncManagerIntegrationFilter@24ac6fef, org.springframework.security.web.context.SecurityContextPersistenceFilter@70f91ae3, org.springframework.security.web.header.HeaderWriterFilter@2133b712, org.springframework.security.web.authentication.logout.LogoutFilter@5d93ff21, org.springframework.security.web.savedrequest.RequestCacheAwareFilter@601d9f3a, org.springframework.security.web.servletapi.SecurityContextHolderAwareRequestFilter@5c2a3f0c, org.springframework.security.web.authentication.AnonymousAuthenticationFilter@3cb49121, org.springframework.security.web.session.SessionManagementFilter@4b7e4d14, org.springframework.security.web.access.ExceptionTranslationFilter@7d4da729, org.springframework.security.web.access.intercept.FilterSecurityInterceptor@55397d15]
2025-04-28 22:40:37,261 INFO o.s.m.w.MockServletContext {log} [main] Initializing Spring TestDispatcherServlet ''
2025-04-28 22:40:37,261 INFO o.s.w.s.FrameworkServlet {initServletBean} [main] Initializing Servlet ''
2025-04-28 22:40:37,261 INFO o.s.w.s.FrameworkServlet {initServletBean} [main] Completed initialization in 0 ms
2025-04-28 22:40:37,284 INFO o.s.b.StartupInfoLogger {logStarted} [main] Started MechanicControllerTests in 0.952 seconds (JVM running for 9.921)
2025-04-28 22:40:37,291 INFO c.s.a.c.MechanicController {filtermechanics} [main] BEGIN getAll
2025-04-28 22:40:37,291 INFO c.s.a.c.MechanicController {filtermechanics} [main] END getAll
2025-04-28 22:40:37,327 INFO c.s.a.c.MechanicController {modifyMechanic} [main] BEGIN modifyMechanic
2025-04-28 22:40:37,327 INFO c.s.a.c.MechanicController {modifyMechanic} [main] END modifyMechanic
2025-04-28 22:40:37,336 INFO c.s.a.c.MechanicController {filtermechanics} [main] BEGIN getAll
2025-04-28 22:40:37,345 INFO c.s.a.c.MechanicController {filtermechanics} [main] END getAll
2025-04-28 22:40:37,354 INFO c.s.a.c.MechanicController {getMechanic} [main] BEGIN getMechanic
2025-04-28 22:40:37,371 INFO c.s.a.c.MechanicController {filtermechanics} [main] BEGIN getAll
2025-04-28 22:40:37,371 INFO c.s.a.c.MechanicController {filtermechanics} [main] END getAll
2025-04-28 22:40:37,382 INFO c.s.a.c.MechanicController {removeMechanic} [main] BEGIN removeMechanic
2025-04-28 22:40:37,384 INFO c.s.a.c.MechanicController {removeMechanic} [main] END removeMechanic
2025-04-28 22:40:37,416 INFO c.s.a.c.MechanicController {addMechanic} [main] BEGIN addMechanic
2025-04-28 22:40:37,416 INFO c.s.a.c.MechanicController {addMechanic} [main] END addMechanic
2025-04-28 22:40:37,427 INFO c.s.a.c.MechanicController {getMechanic} [main] BEGIN getMechanic
2025-04-28 22:40:37,427 INFO c.s.a.c.MechanicController {getMechanic} [main] END getMechanic
2025-04-28 22:40:37,442 INFO c.s.a.c.MechanicController {modifyMechanic} [main] BEGIN modifyMechanic
2025-04-28 22:40:37,448 INFO c.s.a.c.MechanicController {removeMechanic} [main] BEGIN removeMechanic
2025-04-28 22:40:37,464 INFO c.s.a.c.MechanicController {filtermechanics} [main] BEGIN getAll
2025-04-28 22:40:37,464 INFO c.s.a.c.MechanicController {filtermechanics} [main] END getAll
