2025-04-27 01:20:19,568 INFO o.h.v.i.u.Version {<clinit>} [background-preinit] HV000001: Hibernate Validator 6.2.5.Final
2025-04-27 01:20:19,607 INFO o.s.b.StartupInfoLogger {logStarting} [main] Starting BikeControllerTests using Java 21 on DESKTOP-A2Q7539 with PID 13788 (started by 34618 in C:\Users\34618\Documents\2DAM Gdo. Superior\Acceso a datos 2DAM\hellospring)
2025-04-27 01:20:19,609 INFO o.s.b.SpringApplication {logStartupProfileInfo} [main] The following 1 profile is active: "test"
2025-04-27 01:20:24,987 INFO o.s.s.w.DefaultSecurityFilterChain {<init>} [main] Will secure any request with [org.springframework.security.web.session.DisableEncodeUrlFilter@7d66e544, org.springframework.security.web.context.request.async.WebAsyncManagerIntegrationFilter@666618d6, org.springframework.security.web.context.SecurityContextPersistenceFilter@20a24edf, org.springframework.security.web.header.HeaderWriterFilter@4702e7a5, org.springframework.security.web.authentication.logout.LogoutFilter@47044f7d, org.springframework.security.web.savedrequest.RequestCacheAwareFilter@691541bc, org.springframework.security.web.servletapi.SecurityContextHolderAwareRequestFilter@5b733ef7, org.springframework.security.web.authentication.AnonymousAuthenticationFilter@5b1c32e4, org.springframework.security.web.session.SessionManagementFilter@58687fb7, org.springframework.security.web.access.ExceptionTranslationFilter@217dc48e, org.springframework.security.web.access.intercept.FilterSecurityInterceptor@68631b1d]
2025-04-27 01:20:27,702 INFO o.s.m.w.MockServletContext {log} [main] Initializing Spring TestDispatcherServlet ''
2025-04-27 01:20:27,706 INFO o.s.w.s.FrameworkServlet {initServletBean} [main] Initializing Servlet ''
2025-04-27 01:20:27,712 INFO o.s.w.s.FrameworkServlet {initServletBean} [main] Completed initialization in 4 ms
2025-04-27 01:20:27,813 INFO o.s.b.StartupInfoLogger {logStarted} [main] Started BikeControllerTests in 9.951 seconds (JVM running for 13.425)
2025-04-27 01:20:28,717 INFO c.s.a.c.BikeController {addBike} [main] BEGIN addBike
2025-04-27 01:20:28,972 INFO c.s.a.c.BikeController {filterBikes} [main] Filtrando bicicletas con parámetros: brand=Orbea, model=, color=
2025-04-27 01:20:28,990 INFO c.s.a.c.BikeController {filterBikes} [main] Operación completada: Se obtuvieron 2 bicicletas filtradas
2025-04-27 01:20:29,054 INFO c.s.a.c.BikeController {addBike} [main] BEGIN addBike
2025-04-27 01:20:29,054 INFO c.s.a.c.BikeController {addBike} [main] END addBike
2025-04-27 01:20:29,220 INFO c.s.a.c.BikeController {filterBikes} [main] Filtrando bicicletas con parámetros: brand=, model=, color=
2025-04-27 01:20:29,235 INFO c.s.a.c.BikeController {filterBikes} [main] Operación completada: Se obtuvieron 3 bicicletas filtradas
2025-04-27 01:20:29,252 INFO c.s.a.c.BikeController {getBike} [main] BEGIN getBike
2025-04-27 01:20:29,268 INFO c.s.a.c.BikeController {getBike} [main] END getBike
2025-04-27 01:20:29,382 INFO c.s.a.c.BikeController {removeBike} [main] BEGIN removeBike
2025-04-27 01:20:29,382 INFO c.s.a.c.BikeController {removeBike} [main] END removeBike
2025-04-27 01:20:29,429 INFO c.s.a.c.BikeController {modifyBike} [main] BEGIN modifyBike
2025-04-27 01:20:29,525 INFO c.s.a.c.BikeController {modifyBike} [main] BEGIN modifyBike
2025-04-27 01:20:29,525 INFO c.s.a.c.BikeController {modifyBike} [main] END modifyBike
2025-04-27 01:20:29,552 INFO c.s.a.c.BikeController {removeBike} [main] BEGIN removeBike
2025-04-27 01:20:29,574 INFO c.s.a.c.BikeController {getBike} [main] BEGIN getBike
2025-04-27 01:43:59,637 INFO o.h.v.i.u.Version {<clinit>} [background-preinit] HV000001: Hibernate Validator 6.2.5.Final
2025-04-27 01:43:59,637 INFO o.s.b.StartupInfoLogger {logStarting} [main] Starting BikeControllerTests using Java 21 on DESKTOP-A2Q7539 with PID 14648 (started by 34618 in C:\Users\34618\Documents\2DAM Gdo. Superior\Acceso a datos 2DAM\hellospring)
2025-04-27 01:43:59,661 INFO o.s.b.SpringApplication {logStartupProfileInfo} [main] The following 1 profile is active: "test"
2025-04-27 01:44:20,434 INFO o.s.s.w.DefaultSecurityFilterChain {<init>} [main] Will secure any request with [org.springframework.security.web.session.DisableEncodeUrlFilter@39266403, org.springframework.security.web.context.request.async.WebAsyncManagerIntegrationFilter@74b00247, org.springframework.security.web.context.SecurityContextPersistenceFilter@fbe70d8, org.springframework.security.web.header.HeaderWriterFilter@4f081b5d, org.springframework.security.web.authentication.logout.LogoutFilter@42fc4ac4, org.springframework.security.web.savedrequest.RequestCacheAwareFilter@217dc48e, org.springframework.security.web.servletapi.SecurityContextHolderAwareRequestFilter@5db948c9, org.springframework.security.web.authentication.AnonymousAuthenticationFilter@2aa14ae6, org.springframework.security.web.session.SessionManagementFilter@c412556, org.springframework.security.web.access.ExceptionTranslationFilter@68ea253b, org.springframework.security.web.access.intercept.FilterSecurityInterceptor@435e416c]
2025-04-27 01:44:32,508 INFO o.s.m.w.MockServletContext {log} [main] Initializing Spring TestDispatcherServlet ''
2025-04-27 01:44:32,516 INFO o.s.w.s.FrameworkServlet {initServletBean} [main] Initializing Servlet ''
2025-04-27 01:44:32,539 INFO o.s.w.s.FrameworkServlet {initServletBean} [main] Completed initialization in 15 ms
2025-04-27 01:44:33,035 INFO o.s.b.StartupInfoLogger {logStarted} [main] Started BikeControllerTests in 39.488 seconds (JVM running for 60.598)
2025-04-27 01:44:39,834 INFO c.s.a.c.BikeController {addBike} [main] BEGIN addBike
2025-04-27 01:44:40,689 INFO c.s.a.c.BikeController {filterBikes} [main] Filtrando bicicletas con parámetros: brand=Orbea, model=, color=
2025-04-27 01:44:40,727 INFO c.s.a.c.BikeController {filterBikes} [main] Operación completada: Se obtuvieron 2 bicicletas filtradas
2025-04-27 01:44:40,999 INFO c.s.a.c.BikeController {addBike} [main] BEGIN addBike
2025-04-27 01:44:41,013 INFO c.s.a.c.BikeController {addBike} [main] END addBike
2025-04-27 01:44:41,836 INFO c.s.a.c.BikeController {filterBikes} [main] Filtrando bicicletas con parámetros: brand=, model=, color=
2025-04-27 01:44:41,848 INFO c.s.a.c.BikeController {filterBikes} [main] Operación completada: Se obtuvieron 3 bicicletas filtradas
2025-04-27 01:44:41,972 INFO c.s.a.c.BikeController {getBike} [main] BEGIN getBike
2025-04-27 01:44:41,980 INFO c.s.a.c.BikeController {getBike} [main] END getBike
2025-04-27 01:44:42,509 INFO c.s.a.c.BikeController {removeBike} [main] BEGIN removeBike
2025-04-27 01:44:42,521 INFO c.s.a.c.BikeController {removeBike} [main] END removeBike
2025-04-27 01:44:42,775 INFO c.s.a.c.BikeController {modifyBike} [main] BEGIN modifyBike
2025-04-27 01:44:43,205 INFO c.s.a.c.BikeController {modifyBike} [main] BEGIN modifyBike
2025-04-27 01:44:43,213 INFO c.s.a.c.BikeController {modifyBike} [main] END modifyBike
2025-04-27 01:44:43,343 INFO c.s.a.c.BikeController {removeBike} [main] BEGIN removeBike
2025-04-27 01:44:43,429 INFO c.s.a.c.BikeController {getBike} [main] BEGIN getBike
2025-04-27 02:34:44,357 INFO o.h.v.i.u.Version {<clinit>} [background-preinit] HV000001: Hibernate Validator 6.2.5.Final
2025-04-27 02:34:44,380 INFO o.s.b.StartupInfoLogger {logStarting} [main] Starting BikeControllerTests using Java 21 on DESKTOP-A2Q7539 with PID 6528 (started by 34618 in C:\Users\34618\Documents\2DAM Gdo. Superior\Acceso a datos 2DAM\hellospring)
2025-04-27 02:34:44,380 INFO o.s.b.SpringApplication {logStartupProfileInfo} [main] The following 1 profile is active: "test"
2025-04-27 02:34:47,424 INFO o.s.s.w.DefaultSecurityFilterChain {<init>} [main] Will secure any request with [org.springframework.security.web.session.DisableEncodeUrlFilter@7a31ca20, org.springframework.security.web.context.request.async.WebAsyncManagerIntegrationFilter@349c4d1c, org.springframework.security.web.context.SecurityContextPersistenceFilter@268c030f, org.springframework.security.web.header.HeaderWriterFilter@b2c4a8b, org.springframework.security.web.authentication.logout.LogoutFilter@1a8e9ed9, org.springframework.security.web.savedrequest.RequestCacheAwareFilter@1b24ea2a, org.springframework.security.web.servletapi.SecurityContextHolderAwareRequestFilter@5df6163a, org.springframework.security.web.authentication.AnonymousAuthenticationFilter@21edd891, org.springframework.security.web.session.SessionManagementFilter@5edc3e29, org.springframework.security.web.access.ExceptionTranslationFilter@5e5ddfbc, org.springframework.security.web.access.intercept.FilterSecurityInterceptor@8c0a23f]
2025-04-27 02:34:49,219 INFO o.s.m.w.MockServletContext {log} [main] Initializing Spring TestDispatcherServlet ''
2025-04-27 02:34:49,219 INFO o.s.w.s.FrameworkServlet {initServletBean} [main] Initializing Servlet ''
2025-04-27 02:34:49,223 INFO o.s.w.s.FrameworkServlet {initServletBean} [main] Completed initialization in 4 ms
2025-04-27 02:34:49,271 INFO o.s.b.StartupInfoLogger {logStarted} [main] Started BikeControllerTests in 6.362 seconds (JVM running for 8.966)
2025-04-27 02:34:49,633 INFO c.s.a.c.BikeController {addBike} [main] BEGIN addBike
2025-04-27 02:34:49,797 INFO c.s.a.c.BikeController {filterBikes} [main] Filtrando bicicletas con parámetros: brand=Orbea, model=, color=
2025-04-27 02:34:49,804 INFO c.s.a.c.BikeController {filterBikes} [main] Operación completada: Se obtuvieron 2 bicicletas filtradas
2025-04-27 02:34:49,832 INFO c.s.a.c.BikeController {addBike} [main] BEGIN addBike
2025-04-27 02:34:49,832 INFO c.s.a.c.BikeController {addBike} [main] END addBike
2025-04-27 02:34:49,901 INFO c.s.a.c.BikeController {filterBikes} [main] Filtrando bicicletas con parámetros: brand=, model=, color=
2025-04-27 02:34:49,901 INFO c.s.a.c.BikeController {filterBikes} [main] Operación completada: Se obtuvieron 3 bicicletas filtradas
2025-04-27 02:34:49,909 INFO c.s.a.c.BikeController {getBike} [main] BEGIN getBike
2025-04-27 02:34:49,921 INFO c.s.a.c.BikeController {getBike} [main] END getBike
2025-04-27 02:34:49,960 INFO c.s.a.c.BikeController {removeBike} [main] BEGIN removeBike
2025-04-27 02:34:49,960 INFO c.s.a.c.BikeController {removeBike} [main] END removeBike
2025-04-27 02:34:49,985 INFO c.s.a.c.BikeController {modifyBike} [main] BEGIN modifyBike
2025-04-27 02:34:50,014 INFO c.s.a.c.BikeController {modifyBike} [main] BEGIN modifyBike
2025-04-27 02:34:50,014 INFO c.s.a.c.BikeController {modifyBike} [main] END modifyBike
2025-04-27 02:34:50,023 INFO c.s.a.c.BikeController {removeBike} [main] BEGIN removeBike
2025-04-27 02:34:50,039 INFO c.s.a.c.BikeController {getBike} [main] BEGIN getBike
2025-04-27 02:34:50,365 INFO o.s.t.c.s.AbstractTestContextBootstrapper {buildDefaultMergedContextConfiguration} [main] Neither @ContextConfiguration nor @ContextHierarchy found for test class [com.svalero.apibikes.MechanicControllerTests], using SpringBootContextLoader
2025-04-27 02:34:50,365 INFO o.s.t.c.s.AbstractContextLoader {generateDefaultLocations} [main] Could not detect default resource locations for test class [com.svalero.apibikes.MechanicControllerTests]: no resource found for suffixes {-context.xml, Context.groovy}.
2025-04-27 02:34:50,365 INFO o.s.t.c.s.AnnotationConfigContextLoaderUtils {detectDefaultConfigurationClasses} [main] Could not detect default configuration classes for test class [com.svalero.apibikes.MechanicControllerTests]: MechanicControllerTests does not declare any static, non-private, non-final, nested classes annotated with @Configuration.
2025-04-27 02:34:50,376 INFO o.s.b.t.c.SpringBootTestContextBootstrapper {getOrFindConfigurationClasses} [main] Found @SpringBootConfiguration com.svalero.apibikes.HellospringApplication for test class com.svalero.apibikes.MechanicControllerTests
2025-04-27 02:34:50,381 INFO o.s.t.c.s.AbstractTestContextBootstrapper {getDefaultTestExecutionListenerClassNames} [main] Loaded default TestExecutionListener class names from location [META-INF/spring.factories]: [org.springframework.boot.test.mock.mockito.MockitoTestExecutionListener, org.springframework.boot.test.mock.mockito.ResetMocksTestExecutionListener, org.springframework.boot.test.autoconfigure.restdocs.RestDocsTestExecutionListener, org.springframework.boot.test.autoconfigure.web.client.MockRestServiceServerResetTestExecutionListener, org.springframework.boot.test.autoconfigure.web.servlet.MockMvcPrintOnlyOnFailureTestExecutionListener, org.springframework.boot.test.autoconfigure.web.servlet.WebDriverTestExecutionListener, org.springframework.boot.test.autoconfigure.webservices.client.MockWebServiceServerTestExecutionListener, org.springframework.test.context.web.ServletTestExecutionListener, org.springframework.test.context.support.DirtiesContextBeforeModesTestExecutionListener, org.springframework.test.context.event.ApplicationEventsTestExecutionListener, org.springframework.test.context.support.DependencyInjectionTestExecutionListener, org.springframework.test.context.support.DirtiesContextTestExecutionListener, org.springframework.test.context.transaction.TransactionalTestExecutionListener, org.springframework.test.context.jdbc.SqlScriptsTestExecutionListener, org.springframework.test.context.event.EventPublishingTestExecutionListener]
2025-04-27 02:34:50,383 INFO o.s.t.c.s.AbstractTestContextBootstrapper {getTestExecutionListeners} [main] Using TestExecutionListeners: [org.springframework.test.context.web.ServletTestExecutionListener@12421766, org.springframework.test.context.support.DirtiesContextBeforeModesTestExecutionListener@2e44cb34, org.springframework.test.context.event.ApplicationEventsTestExecutionListener@731e0bff, org.springframework.boot.test.mock.mockito.MockitoTestExecutionListener@213ceb4e, org.springframework.boot.test.autoconfigure.SpringBootDependencyInjectionTestExecutionListener@23c72128, org.springframework.test.context.support.DirtiesContextTestExecutionListener@2bd2430f, org.springframework.test.context.transaction.TransactionalTestExecutionListener@2890e479, org.springframework.test.context.jdbc.SqlScriptsTestExecutionListener@6eb00cbe, org.springframework.test.context.event.EventPublishingTestExecutionListener@74e4be21, org.springframework.boot.test.mock.mockito.ResetMocksTestExecutionListener@4d174189, org.springframework.boot.test.autoconfigure.restdocs.RestDocsTestExecutionListener@628bd77e, org.springframework.boot.test.autoconfigure.web.client.MockRestServiceServerResetTestExecutionListener@c30f26d, org.springframework.boot.test.autoconfigure.web.servlet.MockMvcPrintOnlyOnFailureTestExecutionListener@5d74507c, org.springframework.boot.test.autoconfigure.web.servlet.WebDriverTestExecutionListener@2a984952, org.springframework.boot.test.autoconfigure.webservices.client.MockWebServiceServerTestExecutionListener@16944b58]
2025-04-27 02:34:50,439 INFO o.s.b.StartupInfoLogger {logStarting} [main] Starting MechanicControllerTests using Java 21 on DESKTOP-A2Q7539 with PID 6528 (started by 34618 in C:\Users\34618\Documents\2DAM Gdo. Superior\Acceso a datos 2DAM\hellospring)
2025-04-27 02:34:50,443 INFO o.s.b.SpringApplication {logStartupProfileInfo} [main] The following 1 profile is active: "test"
2025-04-27 02:34:50,865 INFO o.s.s.w.DefaultSecurityFilterChain {<init>} [main] Will secure any request with [org.springframework.security.web.session.DisableEncodeUrlFilter@70f91ae3, org.springframework.security.web.context.request.async.WebAsyncManagerIntegrationFilter@601d9f3a, org.springframework.security.web.context.SecurityContextPersistenceFilter@1d5bb5c, org.springframework.security.web.header.HeaderWriterFilter@72585e83, org.springframework.security.web.authentication.logout.LogoutFilter@2aa811f9, org.springframework.security.web.savedrequest.RequestCacheAwareFilter@7846913f, org.springframework.security.web.servletapi.SecurityContextHolderAwareRequestFilter@48da64f2, org.springframework.security.web.authentication.AnonymousAuthenticationFilter@5c2a3f0c, org.springframework.security.web.session.SessionManagementFilter@6b64bf61, org.springframework.security.web.access.ExceptionTranslationFilter@2d2a8819, org.springframework.security.web.access.intercept.FilterSecurityInterceptor@4b7e4d14]
2025-04-27 02:34:51,519 INFO o.s.m.w.MockServletContext {log} [main] Initializing Spring TestDispatcherServlet ''
2025-04-27 02:34:51,525 INFO o.s.w.s.FrameworkServlet {initServletBean} [main] Initializing Servlet ''
2025-04-27 02:34:51,527 INFO o.s.w.s.FrameworkServlet {initServletBean} [main] Completed initialization in 2 ms
2025-04-27 02:34:51,564 INFO o.s.b.StartupInfoLogger {logStarted} [main] Started MechanicControllerTests in 1.175 seconds (JVM running for 11.249)
2025-04-27 02:34:51,586 INFO c.s.a.c.MechanicController {filtermechanics} [main] BEGIN getAll
2025-04-27 02:34:51,588 INFO c.s.a.c.MechanicController {filtermechanics} [main] END getAll
2025-04-27 02:34:51,642 INFO c.s.a.c.MechanicController {modifyMechanic} [main] BEGIN modifyMechanic
2025-04-27 02:34:51,651 INFO c.s.a.c.MechanicController {modifyMechanic} [main] END modifyMechanic
2025-04-27 02:34:51,671 INFO c.s.a.c.MechanicController {filtermechanics} [main] BEGIN getAll
2025-04-27 02:34:51,671 INFO c.s.a.c.MechanicController {filtermechanics} [main] END getAll
2025-04-27 02:34:51,687 INFO c.s.a.c.MechanicController {getMechanic} [main] BEGIN getMechanic
2025-04-27 02:34:51,748 INFO c.s.a.c.MechanicController {filtermechanics} [main] BEGIN getAll
2025-04-27 02:34:51,749 INFO c.s.a.c.MechanicController {filtermechanics} [main] END getAll
2025-04-27 02:34:51,770 INFO c.s.a.c.MechanicController {removeMechanic} [main] BEGIN removeMechanic
2025-04-27 02:34:51,770 INFO c.s.a.c.MechanicController {removeMechanic} [main] END removeMechanic
2025-04-27 02:34:51,813 INFO c.s.a.c.MechanicController {addMechanic} [main] BEGIN addMechanic
2025-04-27 02:34:51,815 INFO c.s.a.c.MechanicController {addMechanic} [main] END addMechanic
2025-04-27 02:34:51,840 INFO c.s.a.c.MechanicController {addMechanic} [main] BEGIN addMechanic
2025-04-27 02:34:51,842 INFO c.s.a.c.MechanicController {addMechanic} [main] END addMechanic
2025-04-27 02:34:51,857 INFO c.s.a.c.MechanicController {getMechanic} [main] BEGIN getMechanic
2025-04-27 02:34:51,861 INFO c.s.a.c.MechanicController {getMechanic} [main] END getMechanic
2025-04-27 02:34:51,889 INFO c.s.a.c.MechanicController {modifyMechanic} [main] BEGIN modifyMechanic
2025-04-27 02:34:51,909 INFO c.s.a.c.MechanicController {removeMechanic} [main] BEGIN removeMechanic
2025-04-27 02:34:51,934 INFO c.s.a.c.MechanicController {filtermechanics} [main] BEGIN getAll
2025-04-27 02:34:51,934 INFO c.s.a.c.MechanicController {filtermechanics} [main] END getAll
2025-04-27 02:45:38,754 INFO o.h.v.i.u.Version {<clinit>} [background-preinit] HV000001: Hibernate Validator 6.2.5.Final
2025-04-27 02:45:38,761 INFO o.s.b.StartupInfoLogger {logStarting} [main] Starting BikeControllerTests using Java 21 on DESKTOP-A2Q7539 with PID 10348 (started by 34618 in C:\Users\34618\Documents\2DAM Gdo. Superior\Acceso a datos 2DAM\hellospring)
2025-04-27 02:45:38,763 INFO o.s.b.SpringApplication {logStartupProfileInfo} [main] The following 1 profile is active: "test"
2025-04-27 02:45:41,027 INFO o.s.s.w.DefaultSecurityFilterChain {<init>} [main] Will secure any request with [org.springframework.security.web.session.DisableEncodeUrlFilter@78e68401, org.springframework.security.web.context.request.async.WebAsyncManagerIntegrationFilter@391515c7, org.springframework.security.web.context.SecurityContextPersistenceFilter@2e56b4d, org.springframework.security.web.header.HeaderWriterFilter@5edc3e29, org.springframework.security.web.authentication.logout.LogoutFilter@2e0fdbe9, org.springframework.security.web.savedrequest.RequestCacheAwareFilter@b5ac0c1, org.springframework.security.web.servletapi.SecurityContextHolderAwareRequestFilter@224c7de4, org.springframework.security.web.authentication.AnonymousAuthenticationFilter@5b0dbfb, org.springframework.security.web.session.SessionManagementFilter@113f9078, org.springframework.security.web.access.ExceptionTranslationFilter@6db328f8, org.springframework.security.web.access.intercept.FilterSecurityInterceptor@340cb97f]
2025-04-27 02:45:42,158 INFO o.s.m.w.MockServletContext {log} [main] Initializing Spring TestDispatcherServlet ''
2025-04-27 02:45:42,158 INFO o.s.w.s.FrameworkServlet {initServletBean} [main] Initializing Servlet ''
2025-04-27 02:45:42,167 INFO o.s.w.s.FrameworkServlet {initServletBean} [main] Completed initialization in 9 ms
2025-04-27 02:45:42,293 INFO o.s.b.StartupInfoLogger {logStarted} [main] Started BikeControllerTests in 4.506 seconds (JVM running for 6.764)
2025-04-27 02:45:43,007 INFO c.s.a.c.BikeController {addBike} [main] BEGIN addBike
2025-04-27 02:45:43,244 INFO c.s.a.c.BikeController {filterBikes} [main] Filtrando bicicletas con parámetros: brand=Orbea, model=, color=
2025-04-27 02:45:43,257 INFO c.s.a.c.BikeController {filterBikes} [main] Operación completada: Se obtuvieron 2 bicicletas filtradas
2025-04-27 02:45:43,307 INFO c.s.a.c.BikeController {addBike} [main] BEGIN addBike
2025-04-27 02:45:43,307 INFO c.s.a.c.BikeController {addBike} [main] END addBike
2025-04-27 02:45:43,473 INFO c.s.a.c.BikeController {filterBikes} [main] Filtrando bicicletas con parámetros: brand=, model=, color=
2025-04-27 02:45:43,481 INFO c.s.a.c.BikeController {filterBikes} [main] Operación completada: Se obtuvieron 3 bicicletas filtradas
2025-04-27 02:45:43,516 INFO c.s.a.c.BikeController {getBike} [main] BEGIN getBike
2025-04-27 02:45:43,516 INFO c.s.a.c.BikeController {getBike} [main] END getBike
2025-04-27 02:45:43,647 INFO c.s.a.c.BikeController {removeBike} [main] BEGIN removeBike
2025-04-27 02:45:43,647 INFO c.s.a.c.BikeController {removeBike} [main] END removeBike
2025-04-27 02:45:43,687 INFO c.s.a.c.BikeController {modifyBike} [main] BEGIN modifyBike
2025-04-27 02:45:43,751 INFO c.s.a.c.BikeController {modifyBike} [main] BEGIN modifyBike
2025-04-27 02:45:43,753 INFO c.s.a.c.BikeController {modifyBike} [main] END modifyBike
2025-04-27 02:45:43,774 INFO c.s.a.c.BikeController {removeBike} [main] BEGIN removeBike
2025-04-27 02:45:43,794 INFO c.s.a.c.BikeController {getBike} [main] BEGIN getBike
2025-04-27 02:45:44,266 INFO o.s.t.c.s.AbstractTestContextBootstrapper {buildDefaultMergedContextConfiguration} [main] Neither @ContextConfiguration nor @ContextHierarchy found for test class [com.svalero.apibikes.MechanicControllerTests], using SpringBootContextLoader
2025-04-27 02:45:44,266 INFO o.s.t.c.s.AbstractContextLoader {generateDefaultLocations} [main] Could not detect default resource locations for test class [com.svalero.apibikes.MechanicControllerTests]: no resource found for suffixes {-context.xml, Context.groovy}.
2025-04-27 02:45:44,266 INFO o.s.t.c.s.AnnotationConfigContextLoaderUtils {detectDefaultConfigurationClasses} [main] Could not detect default configuration classes for test class [com.svalero.apibikes.MechanicControllerTests]: MechanicControllerTests does not declare any static, non-private, non-final, nested classes annotated with @Configuration.
2025-04-27 02:45:44,282 INFO o.s.b.t.c.SpringBootTestContextBootstrapper {getOrFindConfigurationClasses} [main] Found @SpringBootConfiguration com.svalero.apibikes.HellospringApplication for test class com.svalero.apibikes.MechanicControllerTests
2025-04-27 02:45:44,284 INFO o.s.t.c.s.AbstractTestContextBootstrapper {getDefaultTestExecutionListenerClassNames} [main] Loaded default TestExecutionListener class names from location [META-INF/spring.factories]: [org.springframework.boot.test.mock.mockito.MockitoTestExecutionListener, org.springframework.boot.test.mock.mockito.ResetMocksTestExecutionListener, org.springframework.boot.test.autoconfigure.restdocs.RestDocsTestExecutionListener, org.springframework.boot.test.autoconfigure.web.client.MockRestServiceServerResetTestExecutionListener, org.springframework.boot.test.autoconfigure.web.servlet.MockMvcPrintOnlyOnFailureTestExecutionListener, org.springframework.boot.test.autoconfigure.web.servlet.WebDriverTestExecutionListener, org.springframework.boot.test.autoconfigure.webservices.client.MockWebServiceServerTestExecutionListener, org.springframework.test.context.web.ServletTestExecutionListener, org.springframework.test.context.support.DirtiesContextBeforeModesTestExecutionListener, org.springframework.test.context.event.ApplicationEventsTestExecutionListener, org.springframework.test.context.support.DependencyInjectionTestExecutionListener, org.springframework.test.context.support.DirtiesContextTestExecutionListener, org.springframework.test.context.transaction.TransactionalTestExecutionListener, org.springframework.test.context.jdbc.SqlScriptsTestExecutionListener, org.springframework.test.context.event.EventPublishingTestExecutionListener]
2025-04-27 02:45:44,284 INFO o.s.t.c.s.AbstractTestContextBootstrapper {getTestExecutionListeners} [main] Using TestExecutionListeners: [org.springframework.test.context.web.ServletTestExecutionListener@213ceb4e, org.springframework.test.context.support.DirtiesContextBeforeModesTestExecutionListener@23c72128, org.springframework.test.context.event.ApplicationEventsTestExecutionListener@2bd2430f, org.springframework.boot.test.mock.mockito.MockitoTestExecutionListener@2890e479, org.springframework.boot.test.autoconfigure.SpringBootDependencyInjectionTestExecutionListener@6eb00cbe, org.springframework.test.context.support.DirtiesContextTestExecutionListener@74e4be21, org.springframework.test.context.transaction.TransactionalTestExecutionListener@4d174189, org.springframework.test.context.jdbc.SqlScriptsTestExecutionListener@628bd77e, org.springframework.test.context.event.EventPublishingTestExecutionListener@c30f26d, org.springframework.boot.test.mock.mockito.ResetMocksTestExecutionListener@5d74507c, org.springframework.boot.test.autoconfigure.restdocs.RestDocsTestExecutionListener@2a984952, org.springframework.boot.test.autoconfigure.web.client.MockRestServiceServerResetTestExecutionListener@16944b58, org.springframework.boot.test.autoconfigure.web.servlet.MockMvcPrintOnlyOnFailureTestExecutionListener@1dbc607d, org.springframework.boot.test.autoconfigure.web.servlet.WebDriverTestExecutionListener@62b42406, org.springframework.boot.test.autoconfigure.webservices.client.MockWebServiceServerTestExecutionListener@a0e33db]
2025-04-27 02:45:44,343 INFO o.s.b.StartupInfoLogger {logStarting} [main] Starting MechanicControllerTests using Java 21 on DESKTOP-A2Q7539 with PID 10348 (started by 34618 in C:\Users\34618\Documents\2DAM Gdo. Superior\Acceso a datos 2DAM\hellospring)
2025-04-27 02:45:44,343 INFO o.s.b.SpringApplication {logStartupProfileInfo} [main] The following 1 profile is active: "test"
2025-04-27 02:45:44,757 INFO o.s.s.w.DefaultSecurityFilterChain {<init>} [main] Will secure any request with [org.springframework.security.web.session.DisableEncodeUrlFilter@6585df70, org.springframework.security.web.context.request.async.WebAsyncManagerIntegrationFilter@5d93ff21, org.springframework.security.web.context.SecurityContextPersistenceFilter@60b553f, org.springframework.security.web.header.HeaderWriterFilter@7846913f, org.springframework.security.web.authentication.logout.LogoutFilter@2133b712, org.springframework.security.web.savedrequest.RequestCacheAwareFilter@2aa811f9, org.springframework.security.web.servletapi.SecurityContextHolderAwareRequestFilter@66abb2fa, org.springframework.security.web.authentication.AnonymousAuthenticationFilter@51fb5fe6, org.springframework.security.web.session.SessionManagementFilter@48da64f2, org.springframework.security.web.access.ExceptionTranslationFilter@1d5bb5c, org.springframework.security.web.access.intercept.FilterSecurityInterceptor@5c2a3f0c]
2025-04-27 02:45:45,199 INFO o.s.m.w.MockServletContext {log} [main] Initializing Spring TestDispatcherServlet ''
2025-04-27 02:45:45,199 INFO o.s.w.s.FrameworkServlet {initServletBean} [main] Initializing Servlet ''
2025-04-27 02:45:45,199 INFO o.s.w.s.FrameworkServlet {initServletBean} [main] Completed initialization in 0 ms
2025-04-27 02:45:45,205 INFO o.s.b.StartupInfoLogger {logStarted} [main] Started MechanicControllerTests in 0.926 seconds (JVM running for 9.687)
2025-04-27 02:45:45,227 INFO c.s.a.c.MechanicController {filtermechanics} [main] BEGIN getAll
2025-04-27 02:45:45,227 INFO c.s.a.c.MechanicController {filtermechanics} [main] END getAll
2025-04-27 02:45:45,268 INFO c.s.a.c.MechanicController {modifyMechanic} [main] BEGIN modifyMechanic
2025-04-27 02:45:45,268 INFO c.s.a.c.MechanicController {modifyMechanic} [main] END modifyMechanic
2025-04-27 02:45:45,276 INFO c.s.a.c.MechanicController {filtermechanics} [main] BEGIN getAll
2025-04-27 02:45:45,276 INFO c.s.a.c.MechanicController {filtermechanics} [main] END getAll
2025-04-27 02:45:45,299 INFO c.s.a.c.MechanicController {getMechanic} [main] BEGIN getMechanic
2025-04-27 02:45:45,311 INFO c.s.a.c.MechanicController {filtermechanics} [main] BEGIN getAll
2025-04-27 02:45:45,311 INFO c.s.a.c.MechanicController {filtermechanics} [main] END getAll
2025-04-27 02:45:45,311 INFO c.s.a.c.MechanicController {removeMechanic} [main] BEGIN removeMechanic
2025-04-27 02:45:45,326 INFO c.s.a.c.MechanicController {removeMechanic} [main] END removeMechanic
2025-04-27 02:45:45,358 INFO c.s.a.c.MechanicController {addMechanic} [main] BEGIN addMechanic
2025-04-27 02:45:45,358 INFO c.s.a.c.MechanicController {addMechanic} [main] END addMechanic
2025-04-27 02:45:45,371 INFO c.s.a.c.MechanicController {getMechanic} [main] BEGIN getMechanic
2025-04-27 02:45:45,371 INFO c.s.a.c.MechanicController {getMechanic} [main] END getMechanic
2025-04-27 02:45:45,388 INFO c.s.a.c.MechanicController {modifyMechanic} [main] BEGIN modifyMechanic
2025-04-27 02:45:45,399 INFO c.s.a.c.MechanicController {removeMechanic} [main] BEGIN removeMechanic
2025-04-27 02:45:45,411 INFO c.s.a.c.MechanicController {filtermechanics} [main] BEGIN getAll
2025-04-27 02:45:45,413 INFO c.s.a.c.MechanicController {filtermechanics} [main] END getAll
